// Jest Snapshot v1, https://goo.gl/fbAQLP

exports[`components/onboarding_tasklist/onboarding_tasklist_completed.tsx should match snapshot 1`] = `
<Fragment>
  <CSSTransition
    classNames="fade"
    in={true}
    timeout={150}
  >
    <CompletedWrapper>
      <img
        alt="completed tasks image"
        src=""
      />
      <h2>
        <MemoizedFormattedMessage
          defaultMessage="Well done. You’ve completed all of the tasks!"
          id="onboardingTask.checklist.completed_title"
        />
      </h2>
      <span
        className="completed-subtitle"
      >
        <MemoizedFormattedMessage
          defaultMessage="We hope Stroichat is more familiar now."
          id="onboardingTask.checklist.completed_subtitle"
        />
      </span>
      <button
        className="got-it-button"
        onClick={[MockFunction]}
      >
        <MemoizedFormattedMessage
          defaultMessage="Got it"
          id="collapsed_reply_threads_modal.confirm"
        />
      </button>
    </CompletedWrapper>
  </CSSTransition>
</Fragment>
`;
